// Jest Snapshot v1, https://goo.gl/fbAQLP

exports[`MyPageProfile 테스트 렌더 확인 1`] = `
<div>
  <figure
    class="sc-dJjYzT jSlgeC"
  >
    <div
      class="sc-hGPBjI ZDlqG"
    >
      <img
        class="sc-dlVxhl iocqpi"
        src="https://images.unsplash.com/photo-1560250097-0b93528c311a?ixlib=rb-1.2.1&ixid=MnwxMjA3fDB8MHxwaG90by1wYWdlfHx8fGVufDB8fHx8&auto=format&fit=crop&w=687&q=80"
      />
    </div>
    <figcaption
      class="sc-kfPuZi flkfTX"
    >
      <div
        class="sc-fKVqWL gsZNVz"
      >
        <h2
          class="sc-ieecCq jJBbDT"
          size="14"
        >
          현
        </h2>
        <button
          class="sc-cxpSdN fSVwmX"
          title="EditProfile"
        >
          <svg
            class="sc-gsDKAQ dgFSI"
            height="13"
            viewBox="0 0 24 24"
            width="13"
          >
            <path
              d="M14.078 7.061l2.861 2.862-10.799 10.798-3.584.723.724-3.585 10.798-10.798zm0-2.829l-12.64 12.64-1.438 7.128 7.127-1.438 12.642-12.64-5.691-5.69zm7.105 4.277l2.817-2.82-5.691-5.689-2.816 2.817 5.69 5.692z"
            />
          </svg>
        </button>
      </div>
      <p>
        Lorem ipsum dolor sit amet consectetur adipisicing elit. Illo eveniet magnam dolor quasi laboriosam, qui facere deleniti, assumenda eius, expedita quisquam sit. Vitae veniam corrupti voluptatum laboriosam culpa, accusantium quia!
      </p>
      <div
        class="sc-bBHxTw gRBTjE"
      >
        <div
          class="sc-iwjdpV AcPsQ"
        >
          <svg
            class="sc-gsDKAQ dgFSI"
            height="13"
            viewBox="0 0 24 24"
            width="13"
          >
            <path
              d="M14.078 7.061l2.861 2.862-10.799 10.798-3.584.723.724-3.585 10.798-10.798zm0-2.829l-12.64 12.64-1.438 7.128 7.127-1.438 12.642-12.64-5.691-5.69zm7.105 4.277l2.817-2.82-5.691-5.689-2.816 2.817 5.69 5.692z"
            />
          </svg>
           10
        </div>
        <div
          class="sc-iwjdpV AcPsQ"
        >
          <svg
            class="sc-bdvvtL hhoKvZ"
            height="13"
            viewBox="0 0 24 24"
            width="13"
          >
            <path
              d="M6.28 3c3.236.001 4.973 3.491 5.72 5.031.75-1.547 2.469-5.021 5.726-5.021 2.058 0 4.274 1.309 4.274 4.182 0 3.442-4.744 7.851-10 13-5.258-5.151-10-9.559-10-13 0-2.676 1.965-4.193 4.28-4.192zm.001-2c-3.183 0-6.281 2.187-6.281 6.192 0 4.661 5.57 9.427 12 15.808 6.43-6.381 12-11.147 12-15.808 0-4.011-3.097-6.182-6.274-6.182-2.204 0-4.446 1.042-5.726 3.238-1.285-2.206-3.522-3.248-5.719-3.248z"
            />
          </svg>
           10
        </div>
      </div>
    </figcaption>
  </figure>
</div>
`;
