// Jest Snapshot v1, https://goo.gl/fbAQLP

exports[`Modal 테스트 snapshot 1`] = `null`;
